// Jest Snapshot v1, https://goo.gl/fbAQLP

exports[`renders correctly 1`] = `
<View
  style={
    Object {
      "backgroundColor": "#FFFFFF",
      "flex": 1,
      "justifyContent": "center",
    }
  }
>
  <View>
    <Text
      accessible={true}
      allowFontScaling={true}
      ellipsizeMode="tail"
    >
      Welcome to React Native!
    </Text>
    <Text
      accessible={true}
      allowFontScaling={true}
      ellipsizeMode="tail"
    >
      This is a React Native snapshot test.
    </Text>
  </View>
</View>
`;
